Last login: Thu Sep  5 16:22:43 on ttys001 
jakecariello@Jakes-MacBook-Pro  ~ $ cd / 
jakecariello@Jakes-MacBook-Pro  / $ cd Applications/COMSOL54/Multiphysics/bin/ 
jakecariello@Jakes-MacBook-Pro  /Applications/COMSOL54/Multiphysics/bin $ ls 
comsol               maci64               solr 
comsolclientpath.txt servers              tomcat 
comsolpath.txt       setuplibpath         vaadin 
jakecariello@Jakes-MacBook-Pro  /Applications/COMSOL54/Multiphysics/bin $ info comsol 
 
jakecariello@Jakes-MacBook-Pro  /Applications/COMSOL54/Multiphysics/bin $ info 
jakecariello@Jakes-MacBook-Pro  /Applications/COMSOL54/Multiphysics/bin $ info ls 
jakecariello@Jakes-MacBook-Pro  /Applications/COMSOL54/Multiphysics/bin $ info comsol 
jakecariello@Jakes-MacBook-Pro  /Applications/COMSOL54/Multiphysics/bin $ comsol -help 
-bash: comsol: command not found 
jakecariello@Jakes-MacBook-Pro  /Applications/COMSOL54/Multiphysics/bin $ ls 
comsol               comsolclientpath.txt comsolpath.txt       maci64               servers              setuplibpath         solr                 tomcat               vaadin 
jakecariello@Jakes-MacBook-Pro  /Applications/COMSOL54/Multiphysics/bin $ ./comsol -hep 
Warning: Ignoring unknown application argument 'hep'. 
2019-09-05 17:44:30.723 comsollauncher[62208:17873555] WARNING: NSWindow drag regions should only be invalidated on the Main Thread! This will throw an exception in the future. Called from ( 
	0   AppKit                              0x00007fff46088ccc -[NSWindow(NSWindow_Theme) _postWindowNeedsToResetDragMarginsUnlessPostingDisabled] + 386 
	1   AppKit                              0x00007fff4608607c -[NSWindow _initContent:styleMask:backing:defer:contentView:] + 1488 
	2   AppKit                              0x00007fff46085aa6 -[NSWindow initWithContentRect:styleMask:backing:defer:] + 45 
	3   libcs3d_ogl.dylib                   0x0000000133538740 fl3dCreateHiddenWindow + 128 
	4   libcsgraphics_ogl.jnilib            0x00000001330141ba _ZNSt3__110shared_ptrIN12flgraphics3d11OglCanvas3dEED1Ev + 8090 
	5   libcsgraphics_ogl.jnilib            0x0000000133015506 _ZNSt3__110shared_ptrIN12flgraphics3d11OglCanvas3dEED1Ev + 13030 
	6   libcsgraphics_ogl.jnilib            0x0000000133013bd1 _ZNSt3__110shared_ptrIN12flgraphics3d11OglCanvas3dEED1Ev + 6577 
	7   libcsgraphics_ogl.jnilib            0x0000000133035b75 _ZNSt3__16vectorIN12flgraphics3d9TextLabel4ItemENS_9allocatorIS3_EEE6assignIPS3_EENS_9enable_ifIXaasrNS_21__is_forward_iteratorIT_EE5valuesrNS_16is_constructibleIS3_INS_15iterator_traitsISB_E9referenceEEEE5valueEvE4typeESB_SB_ + 1237 
	8   libcsgraphics_ogl.jnilib            0x0000000133092c39 _ZNSt3__110shared_ptrIN12flgraphics3d22OffScreenRendererSetupEED1Ev + 1241 
	9   libcsgraphics_ogl.jnilib            0x0000000133026e26 _ZNSt3__110shared_ptrIKN12flgraphics3d20CanvasPickParametersEED1Ev + 3990 
	10  libcsgraphics_ogl.jnilib            0x0000000133026a17 _ZNSt3__110shared_ptrIKN12flgraphics3d20CanvasPickParametersEED1Ev + 2951 
	11  libcsgraphics_ogl.jnilib            0x0000000133024ab8 _ZNSt3__110shared_ptrIKN12flgraphics3d25ViewActionDataZoomToPointEED1Ev + 19272 
	12  libcsgraphics_ogl.jnilib            0x0000000133023552 _ZNSt3__110shared_ptrIKN12flgraphics3d25ViewActionDataZoomToPointEED1Ev + 13794 
	13  libcsgraphics_ogl.jnilib            0x00000001330228fd _ZNSt3__110shared_ptrIKN12flgraphics3d25ViewActionDataZoomToPointEED1Ev + 10637 
	14  libcsgraphics_ogl.jnilib            0x0000000133022140 _ZNSt3__110shared_ptrIKN12flgraphics3d25ViewActionDataZoomToPointEED1Ev + 8656 
	15  libcsgraphics_ogl.jnilib            0x0000000133021b30 _ZNSt3__110shared_ptrIKN12flgraphics3d25ViewActionDataZoomToPointEED1Ev + 7104 
	16  libcsgraphics_scene_common.dylib    0x000000013239ed07 _ZN12flgraphics3d23RendererEventClientPort25fetchLocalRendererMessageEv + 14311 
	17  libcsgraphics_scene_common.dylib    0x000000013239e25e _ZN12flgraphics3d23RendererEventClientPort25fetchLocalRendererMessageEv + 11582 
	18  libcsutil.dylib                     0x000000012e107ece _ZNSt3__110shared_ptrIN8flthread9IRunnableEED1Ev + 16686 
	19  libsystem_pthread.dylib             0x00007fff75efc305 _pthread_body + 126 
	20  libsystem_pthread.dylib             0x00007fff75eff26f _pthread_start + 70 
	21  libsystem_pthread.dylib             0x00007fff75efb415 thread_start + 13 
) 
jakecariello@Jakes-MacBook-Pro  /Applications/COMSOL54/Multiphysics/bin $ ./comsol help 
^[[A^Cjakecariello@Jakes-MacBook-Pro  /Applications/COMSOL54/Multiphysics/bin $ ./comsol -help 
Usage: comsol [options] [target] [target arguments] 
      
COMSOL commands: 
 
   comsol                       Run COMSOL Multiphysics Desktop 
   comsol batch                 Run a COMSOL job 
   comsol compile               Compile a COMSOL Model java file 
   comsol mphclient             Run COMSOL Multiphysics Desktop client 
   comsol mphserver             Run COMSOL Multiphysics Server 
   comsol mphserver matlab      Run MATLAB with COMSOL Multiphysics Server 
 
COMSOL options: 
 
   <target> -h, <target> -help  Show target-specific help 
   -3drend <{ogl}|sw>           3D renderer: OpenGL or software rendering 
   -alloc <{auto}|native|       Select from using the native memory allocator 
            scalable>             or a scalable memory allocator 
   -applicationsroot <path>     Specify custom path to the COMSOL Application 
                                  Libraries root directory 
   -autosave <{on}|off>         Control saving of recovery files 
   -blas <{auto}|mkl|veclib|    BLAS library to use 
           blas|path> 
   -blaspath <path>             Set path to BLAS library 
   -c <path>                    Path to license file 
   -ckl                         Use class-kit license 
   -comsolinifile <path>        Path to .ini-file to use when launching 
                                COMSOL 
   -configuration <path>        Path to directory for storing the state for 
                                  the GUI between sessions, and for performing 
                                  different caching tasks 
   -data <path>                 Path to data directory 
   -docroot <path>	        Specify custom path to the COMSOL documentation 
                                  root directory 
   -h, -help                    Show this help message 
   -keeplicenses <on|{off}>     Keep checked out licenses throughout session 
   -np <no. of cores|{auto}>    Set number of cores 
   -prefsdir <path>             Path to preference directory 
   -recoverydir <path>          Path to recovery directories 
   -tmpdir <path>               Path to temporary directory 
   -v, -version                 Show version information 
 
 
   -open <filename>             The file to open 
   -edit <filename>             The application file to edit 
   -run  <filename>             The application file to run 
 
Options when running an application: 
 
   -appargnames  <names>        Comma-separated list of argument names 
   -appargvalues <values>       Comma-separated list of argument values 
   -appargsfile  <filename>     A file with arguments to the application 
                                Each line in the file should have the format 
                                  <name>=<value> 
   -appargvarlist  <names>      Comma-separated list of argument names 
                                  whose values are on file 
   -appargfilelist <filenames>  Comma-separated list of file names 
                                  Each file contains the value for one argument 
 
Example: 
 
   comsol -open <filename> 
 
 
jakecariello@Jakes-MacBook-Pro  /Applications/COMSOL54/Multiphysics/bin $ ./comsol compile -h 
Usage: comsol compile [options] files 
 
Compile options: 
 
   -classpathadd <classpath>    Additional classpath 
 
Options when compiling an application: 
 
   -outputdir <path>            Specifies where the compiled application 
                                should be saved. Default is the directory 
                                where the mph file is located. 
   -runtime default|ask|<path>  Where to store the runtime when running 
                                the application. 
                                default = the platform's default location 
                                ask = ask the user 
                                <path> = Store the runtime at this location. 
                                Only specify a path when compiling for a 
                                single platform. 
   -runtimewindows              Runtime location on Windows. 
   -runtimelinux                Runtime location on Linux. 
   -runtimemacos                Runtime location on macOS. 
   -platforms windows,linux,macos  The platforms to compile for. Specify as 
                                a comma separated list. Default is the 
                                platform where the compiler is run. 
   -icon <path>                 Path to image file for application icon. 
   -splash <path>               Path to image file for splash screen. 
   -libraries cad,weatherdata   Optional data to include. Specify as 
                                a comma separated list. 
 
   Options not given are taken from the application's Compiler node, 
   except for -outputdir and -platforms. 
 
Example: 
 
   comsol compile file.java 
   comsol compile application.mph 
   comsol compile /Users/user/archive1 /Users/user/archive2 
 
 
jakecariello@Jakes-MacBook-Pro  /Applications/COMSOL54/Multiphysics/bin $ ./comsol batch -h 
Usage: comsol [options] [target] [target arguments] 
      
COMSOL commands: 
 
   comsol                       Run COMSOL Multiphysics Desktop 
   comsol batch                 Run a COMSOL job 
   comsol compile               Compile a COMSOL Model java file 
   comsol mphclient             Run COMSOL Multiphysics Desktop client 
   comsol mphserver             Run COMSOL Multiphysics Server 
   comsol mphserver matlab      Run MATLAB with COMSOL Multiphysics Server 
 
COMSOL options: 
 
   <target> -h, <target> -help  Show target-specific help 
   -3drend <{ogl}|sw>           3D renderer: OpenGL or software rendering 
   -alloc <{auto}|native|       Select from using the native memory allocator 
            scalable>             or a scalable memory allocator 
   -applicationsroot <path>     Specify custom path to the COMSOL Application 
                                  Libraries root directory 
   -autosave <{on}|off>         Control saving of recovery files 
   -blas <{auto}|mkl|veclib|    BLAS library to use 
           blas|path> 
   -blaspath <path>             Set path to BLAS library 
   -c <path>                    Path to license file 
   -ckl                         Use class-kit license 
   -comsolinifile <path>        Path to .ini-file to use when launching 
                                COMSOL 
   -configuration <path>        Path to directory for storing the state for 
                                  the GUI between sessions, and for performing 
                                  different caching tasks 
   -data <path>                 Path to data directory 
   -docroot <path>	        Specify custom path to the COMSOL documentation 
                                  root directory 
   -h, -help                    Show this help message 
   -keeplicenses <on|{off}>     Keep checked out licenses throughout session 
   -np <no. of cores|{auto}>    Set number of cores 
   -prefsdir <path>             Path to preference directory 
   -recoverydir <path>          Path to recovery directories 
   -tmpdir <path>               Path to temporary directory 
   -v, -version                 Show version information 
 
Batch options: 
 
   -alivetime <seconds>         The time between writing status on disc 
   -batchlog <log filename>     File to store log in 
   -cancel                      Cancel another process that runs outputfile 
   -checklicense <filename>     Print license requirement for an mph file 
   -clearmesh                   Clear mesh before saving 
   -clearsolution               Clear solution data before saving 
   -client                      Run as client 
   -continue                    Continue computation 
   -dev <filename>              Path to a JAR-file with additional classes 
                                to call from the batch class file 
   -error <{on}|off>            Stop if an error occurs 
   -graphics                    Display graphics 
   -host <hostname>             Connect to host <hostname> 
   -inputfile <filename>        The input file name (.mph or .class) 
   -job <job name>              The batch job to run 
   -jobfile <filename>          The name of the file that contains the list 
                                of input and output filenames 
   -methodcall <method name>    The method call to run 
   -methodinputnames <names>    Comma separated list of names of inputs for 
                                the method call to run 
   -methodinputvalues <values>  Comma separated list of input values for 
                                the method call to run 
                                Arrays and 2D arrays are entered using 
                                curly braces, e.g., {1,2,3} 
   -methodinputfile <filename>  A file with inputs to the method call to run 
                                Each line in the file should have the format 
                                <name>=<value> 
   -mode <{batch}|desktop>      Ignore Batch and Cluster Computing settings 
                                or use them as desktop settings 
   -nosave                      Do not save the resulting model 
   -outputfile <filename>       The output file name (if not specified the 
                                input file name is used) 
   -paramfile <filename>        Table file containing parameter names in 
                                the first row and parameter values 
                                in the following rows 
   -pindex <parameter indices>  Comma separated list of parameter indices 
   -plist <parameter values>    Comma separated list of parameter values 
   -pname <parameter name>      Comma separated list of parameter names 
   -port <port number>          Connect to port <port number> 
   -recover                     Recover and continue computation 
   -stop <level>                Stop another process that runs outputfile 
   -stoptime <seconds>          The time the batch job is allowed to run 
                                before it is stopped 
   -study <study name>          The study to compute 
   -usebatchlic                 Use batch license (requires batch licenses) 
 
Example: 
 
   comsol batch -inputfile <path> -outputfile <path> -study std1 
 
 
jakecariello@Jakes-MacBook-Pro  /Applications/COMSOL54/Multiphysics/bin $  
